To honour the JVM settings for this build a single-use Daemon process will be forked. For more on this, please refer to https://docs.gradle.org/8.11.1/userguide/gradle_daemon.html#sec:disabling_the_daemon in the Gradle documentation.
Daemon will be stopped at the end of the build 
> Task :app:preBuild UP-TO-DATE
> Task :app:preDebugBuild UP-TO-DATE
> Task :app:mergeDebugNativeDebugMetadata NO-SOURCE
> Task :app:checkKotlinGradlePluginConfigurationErrors SKIPPED
> Task :app:generateDebugBuildConfig
> Task :app:generateDebugResValues
> Task :app:checkDebugAarMetadata
> Task :app:mapDebugSourceSetPaths
> Task :app:generateDebugResources
> Task :app:packageDebugResources
> Task :app:createDebugCompatibleScreenManifests
> Task :app:extractDeepLinksDebug
> Task :app:parseDebugLocalResources
> Task :app:mergeDebugResources
> Task :app:processDebugMainManifest
> Task :app:processDebugManifest
> Task :xposedapi:preBuild UP-TO-DATE
> Task :xposedapi:preDebugBuild UP-TO-DATE
> Task :xposedapi:generateDebugResValues
> Task :xposedapi:generateDebugResources
> Task :xposedapi:packageDebugResources
> Task :xposedapi:parseDebugLocalResources
> Task :xposedapi:javaPreCompileDebug
> Task :app:javaPreCompileDebug
> Task :app:processDebugManifestForPackage
> Task :xposedapi:generateDebugRFile
> Task :app:processDebugResources
> Task :xposedapi:compileDebugJavaWithJavac
> Task :app:mergeDebugShaders
> Task :xposedapi:bundleLibCompileToJarDebug
> Task :app:compileDebugShaders NO-SOURCE
> Task :app:generateDebugAssets UP-TO-DATE
> Task :app:mergeDebugAssets
> Task :app:desugarDebugFileDependencies
> Task :app:compressDebugAssets
> Task :app:mergeDebugJniLibFolders
> Task :app:checkDebugDuplicateClasses
> Task :app:mergeDebugNativeLibs NO-SOURCE
> Task :app:stripDebugDebugSymbols NO-SOURCE
> Task :app:mergeLibDexDebug
> Task :app:validateSigningDebug
> Task :app:writeDebugAppMetadata
> Task :app:writeDebugSigningConfigVersions
> Task :app:mergeExtDexDebug

> Task :app:compileDebugKotlin
w: file:///home/runner/work/BatteryPower/BatteryPower/app/src/main/java/com/jakliuyuy/batterypower/app/OverlayService.kt:277:16 'val defaultDisplay: Display!' is deprecated. Deprecated in Java.
w: file:///home/runner/work/BatteryPower/BatteryPower/app/src/main/java/com/jakliuyuy/batterypower/app/OverlayService.kt:277:31 'fun getRealMetrics(p0: DisplayMetrics!): Unit' is deprecated. Deprecated in Java.

> Task :app:compileDebugJavaWithJavac
> Task :app:dexBuilderDebug
> Task :app:mergeDebugGlobalSynthetics
> Task :app:processDebugJavaRes
> Task :app:mergeProjectDexDebug
> Task :app:mergeDebugJavaResource
> Task :app:packageDebug
> Task :app:createDebugApkListingFileRedirect
> Task :app:assembleDebug

BUILD SUCCESSFUL in 42s
43 actionable tasks: 43 executed
