To honour the JVM settings for this build a single-use Daemon process will be forked. For more on this, please refer to https://docs.gradle.org/8.11.1/userguide/gradle_daemon.html#sec:disabling_the_daemon in the Gradle documentation.
Daemon will be stopped at the end of the build 
> Task :app:preBuild UP-TO-DATE
> Task :app:preReleaseBuild UP-TO-DATE
> Task :app:mergeReleaseJniLibFolders
> Task :app:mergeReleaseNativeLibs NO-SOURCE
> Task :app:stripReleaseDebugSymbols NO-SOURCE
> Task :app:extractReleaseNativeSymbolTables NO-SOURCE
> Task :app:mergeReleaseNativeDebugMetadata NO-SOURCE
> Task :app:checkReleaseDuplicateClasses
> Task :app:buildKotlinToolingMetadata
> Task :app:checkKotlinGradlePluginConfigurationErrors SKIPPED
> Task :app:generateReleaseBuildConfig
> Task :app:generateReleaseResValues
> Task :app:checkReleaseAarMetadata
> Task :app:mapReleaseSourceSetPaths
> Task :app:generateReleaseResources
> Task :app:packageReleaseResources
> Task :app:createReleaseCompatibleScreenManifests
> Task :app:extractDeepLinksRelease
> Task :app:parseReleaseLocalResources
> Task :app:processReleaseMainManifest
> Task :app:mergeReleaseResources
> Task :app:processReleaseManifest
> Task :xposedapi:preBuild UP-TO-DATE
> Task :xposedapi:preReleaseBuild UP-TO-DATE
> Task :xposedapi:generateReleaseResValues
> Task :xposedapi:generateReleaseResources
> Task :xposedapi:packageReleaseResources
> Task :xposedapi:parseReleaseLocalResources
> Task :app:processReleaseManifestForPackage
> Task :xposedapi:javaPreCompileRelease
> Task :app:desugarReleaseFileDependencies
> Task :app:javaPreCompileRelease
> Task :app:mergeReleaseStartupProfile
> Task :xposedapi:generateReleaseRFile
> Task :app:processReleaseResources
> Task :xposedapi:compileReleaseJavaWithJavac
> Task :xposedapi:bundleLibCompileToJarRelease
> Task :app:mergeReleaseArtProfile
> Task :app:mergeReleaseShaders
> Task :app:compileReleaseShaders NO-SOURCE
> Task :app:generateReleaseAssets UP-TO-DATE
> Task :app:mergeReleaseAssets
> Task :app:compressReleaseAssets
> Task :app:extractReleaseVersionControlInfo
> Task :app:collectReleaseDependencies
> Task :app:sdkReleaseDependencyData
> Task :app:validateSigningRelease
> Task :app:optimizeReleaseResources
> Task :app:writeReleaseAppMetadata
> Task :app:writeReleaseSigningConfigVersions
> Task :app:mergeExtDexRelease

> Task :app:compileReleaseKotlin
w: file:///home/runner/work/BatteryPower/BatteryPower/app/src/main/java/com/jakliuyuy/batterypower/app/OverlayService.kt:277:16 'val defaultDisplay: Display!' is deprecated. Deprecated in Java.
w: file:///home/runner/work/BatteryPower/BatteryPower/app/src/main/java/com/jakliuyuy/batterypower/app/OverlayService.kt:277:31 'fun getRealMetrics(p0: DisplayMetrics!): Unit' is deprecated. Deprecated in Java.

> Task :app:compileReleaseJavaWithJavac
> Task :app:dexBuilderRelease
> Task :app:mergeReleaseGlobalSynthetics
> Task :app:processReleaseJavaRes
> Task :app:mergeReleaseJavaResource
> Task :app:mergeDexRelease
> Task :app:compileReleaseArtProfile
> Task :app:packageRelease
> Task :app:createReleaseApkListingFileRedirect
> Task :app:assembleRelease

BUILD SUCCESSFUL in 41s
50 actionable tasks: 50 executed
